\BOOKMARK [1][-]{Doc-Start}{\376\377\000A\000b\000s\000t\000r\000a\000c\000t}{}% 1
\BOOKMARK [1][-]{section.1}{\376\377\000I\000n\000t\000r\000o\000d\000u\000c\000t\000i\000o\000n\000\040\000t\000o\000\040\000C\000l\000u\000s\000t\000e\000r\000i\000n\000g}{}% 2
\BOOKMARK [2][-]{subsection.1.1}{\376\377\000W\000h\000a\000t\000\040\000i\000s\000\040\000C\000l\000u\000s\000t\000e\000r\000i\000n\000g\000?}{section.1}% 3
\BOOKMARK [2][-]{subsection.1.2}{\376\377\000K\000e\000y\000\040\000C\000h\000a\000r\000a\000c\000t\000e\000r\000i\000s\000t\000i\000c\000s\000\040\000o\000f\000\040\000C\000l\000u\000s\000t\000e\000r\000i\000n\000g}{section.1}% 4
\BOOKMARK [2][-]{subsection.1.3}{\376\377\000A\000n\000a\000l\000o\000g\000y\000:\000\040\000S\000o\000r\000t\000i\000n\000g\000\040\000a\000\040\000F\000r\000u\000i\000t\000\040\000B\000a\000s\000k\000e\000t}{section.1}% 5
\BOOKMARK [2][-]{subsection.1.4}{\376\377\000R\000e\000a\000l\000-\000W\000o\000r\000l\000d\000\040\000P\000r\000o\000b\000l\000e\000m\000:\000\040\000S\000u\000p\000e\000r\000s\000t\000o\000r\000e\000\040\000C\000u\000s\000t\000o\000m\000e\000r\000\040\000S\000e\000g\000m\000e\000n\000t\000a\000t\000i\000o\000n}{section.1}% 6
\BOOKMARK [3][-]{subsubsection.1.4.1}{\376\377\000T\000h\000e\000\040\000S\000c\000e\000n\000a\000r\000i\000o}{subsection.1.4}% 7
\BOOKMARK [3][-]{subsubsection.1.4.2}{\376\377\000T\000h\000e\000\040\000C\000h\000a\000l\000l\000e\000n\000g\000e}{subsection.1.4}% 8
\BOOKMARK [2][-]{subsection.1.5}{\376\377\000S\000o\000l\000u\000t\000i\000o\000n\000:\000\040\000C\000l\000u\000s\000t\000e\000r\000i\000n\000g}{section.1}% 9
\BOOKMARK [3][-]{subsubsection.1.5.1}{\376\377\000W\000h\000a\000t\000\040\000i\000s\000\040\000a\000\040\000C\000l\000u\000s\000t\000e\000r\000?}{subsection.1.5}% 10
\BOOKMARK [3][-]{subsubsection.1.5.2}{\376\377\000T\000h\000e\000\040\000T\000h\000r\000e\000e\000\040\000C\000u\000s\000t\000o\000m\000e\000r\000\040\000S\000e\000g\000m\000e\000n\000t\000s}{subsection.1.5}% 11
\BOOKMARK [3][-]{subsubsection.1.5.3}{\376\377\000T\000a\000r\000g\000e\000t\000e\000d\000\040\000M\000a\000r\000k\000e\000t\000i\000n\000g\000\040\000O\000f\000f\000e\000r\000s}{subsection.1.5}% 12
\BOOKMARK [2][-]{subsection.1.6}{\376\377\000L\000i\000m\000i\000t\000a\000t\000i\000o\000n\000s\000\040\000o\000f\000\040\000R\000e\000g\000u\000l\000a\000r\000\040\000C\000l\000u\000s\000t\000e\000r\000i\000n\000g}{section.1}% 13
\BOOKMARK [1][-]{section.2}{\376\377\000D\000e\000f\000i\000n\000i\000t\000i\000o\000n\000\040\000o\000f\000\040\000H\000i\000e\000r\000a\000r\000c\000h\000i\000c\000a\000l\000\040\000C\000l\000u\000s\000t\000e\000r\000i\000n\000g}{}% 14
\BOOKMARK [1][-]{section.3}{\376\377\000D\000e\000n\000d\000r\000o\000g\000r\000a\000m}{}% 15
\BOOKMARK [1][-]{section.4}{\376\377\000T\000y\000p\000e\000s\000\040\000o\000f\000\040\000H\000i\000e\000r\000a\000r\000c\000h\000i\000c\000a\000l\000\040\000C\000l\000u\000s\000t\000e\000r\000i\000n\000g}{}% 16
\BOOKMARK [2][-]{subsection.4.1}{\376\377\000A\000g\000g\000l\000o\000m\000e\000r\000a\000t\000i\000v\000e\000\040\000C\000l\000u\000s\000t\000e\000r\000i\000n\000g\000\040\000\050\000B\000o\000t\000t\000o\000m\000-\000U\000p\000\040\000A\000p\000p\000r\000o\000a\000c\000h\000\051}{section.4}% 17
\BOOKMARK [2][-]{subsection.4.2}{\376\377\000A\000g\000g\000l\000o\000m\000e\000r\000a\000t\000i\000v\000e\000\040\000C\000l\000u\000s\000t\000e\000r\000i\000n\000g\000\040\000E\000x\000a\000m\000p\000l\000e}{section.4}% 18
\BOOKMARK [2][-]{subsection.4.3}{\376\377\000D\000i\000v\000i\000s\000i\000v\000e\000\040\000C\000l\000u\000s\000t\000e\000r\000i\000n\000g\000\040\000\050\000T\000o\000p\000-\000D\000o\000w\000n\000\040\000A\000p\000p\000r\000o\000a\000c\000h\000\051}{section.4}% 19
\BOOKMARK [1][-]{section.5}{\376\377\000C\000o\000m\000p\000a\000r\000i\000s\000o\000n\000\040\000o\000f\000\040\000A\000p\000p\000r\000o\000a\000c\000h\000e\000s}{}% 20
\BOOKMARK [1][-]{section.6}{\376\377\000L\000i\000n\000k\000a\000g\000e\000\040\000C\000r\000i\000t\000e\000r\000i\000a}{}% 21
\BOOKMARK [1][-]{section.7}{\376\377\000S\000i\000n\000g\000l\000e\000\040\000L\000i\000n\000k\000a\000g\000e\000\040\000C\000l\000u\000s\000t\000e\000r\000i\000n\000g}{}% 22
\BOOKMARK [2][-]{subsection.7.1}{\376\377\000D\000e\000f\000i\000n\000i\000t\000i\000o\000n}{section.7}% 23
\BOOKMARK [2][-]{subsection.7.2}{\376\377\000S\000t\000e\000p\000-\000b\000y\000-\000S\000t\000e\000p\000\040\000E\000x\000a\000m\000p\000l\000e}{section.7}% 24
\BOOKMARK [2][-]{subsection.7.3}{\376\377\000R\000e\000s\000u\000l\000t\000i\000n\000g\000\040\000D\000e\000n\000d\000r\000o\000g\000r\000a\000m}{section.7}% 25
\BOOKMARK [1][-]{section.8}{\376\377\000C\000o\000m\000p\000l\000e\000t\000e\000\040\000L\000i\000n\000k\000a\000g\000e\000\040\000C\000l\000u\000s\000t\000e\000r\000i\000n\000g}{}% 26
\BOOKMARK [2][-]{subsection.8.1}{\376\377\000D\000e\000f\000i\000n\000i\000t\000i\000o\000n}{section.8}% 27
\BOOKMARK [2][-]{subsection.8.2}{\376\377\000S\000t\000e\000p\000-\000b\000y\000-\000S\000t\000e\000p\000\040\000E\000x\000a\000m\000p\000l\000e}{section.8}% 28
\BOOKMARK [2][-]{subsection.8.3}{\376\377\000R\000e\000s\000u\000l\000t\000i\000n\000g\000\040\000D\000e\000n\000d\000r\000o\000g\000r\000a\000m}{section.8}% 29
\BOOKMARK [1][-]{section.9}{\376\377\000A\000v\000e\000r\000a\000g\000e\000\040\000L\000i\000n\000k\000a\000g\000e\000\040\000C\000l\000u\000s\000t\000e\000r\000i\000n\000g}{}% 30
\BOOKMARK [2][-]{subsection.9.1}{\376\377\000D\000e\000f\000i\000n\000i\000t\000i\000o\000n}{section.9}% 31
\BOOKMARK [2][-]{subsection.9.2}{\376\377\000S\000t\000e\000p\000-\000b\000y\000-\000S\000t\000e\000p\000\040\000E\000x\000a\000m\000p\000l\000e}{section.9}% 32
\BOOKMARK [2][-]{subsection.9.3}{\376\377\000R\000e\000s\000u\000l\000t\000i\000n\000g\000\040\000D\000e\000n\000d\000r\000o\000g\000r\000a\000m}{section.9}% 33
\BOOKMARK [1][-]{section.10}{\376\377\000C\000o\000m\000p\000a\000r\000i\000s\000o\000n\000\040\000o\000f\000\040\000L\000i\000n\000k\000a\000g\000e\000\040\000M\000e\000t\000h\000o\000d\000s}{}% 34
\BOOKMARK [2][-]{subsection.10.1}{\376\377\000N\000u\000m\000e\000r\000i\000c\000a\000l\000\040\000C\000o\000m\000p\000a\000r\000i\000s\000o\000n}{section.10}% 35
\BOOKMARK [2][-]{subsection.10.2}{\376\377\000S\000i\000d\000e\000-\000b\000y\000-\000S\000i\000d\000e\000\040\000D\000e\000n\000d\000r\000o\000g\000r\000a\000m\000\040\000C\000o\000m\000p\000a\000r\000i\000s\000o\000n}{section.10}% 36
\BOOKMARK [2][-]{subsection.10.3}{\376\377\000Q\000u\000a\000l\000i\000t\000a\000t\000i\000v\000e\000\040\000C\000o\000m\000p\000a\000r\000i\000s\000o\000n}{section.10}% 37
\BOOKMARK [1][-]{section.11}{\376\377\000T\000h\000e\000\040\000D\000e\000n\000d\000r\000o\000g\000r\000a\000m\000:\000\040\000A\000\040\000V\000i\000s\000u\000a\000l\000\040\000H\000i\000e\000r\000a\000r\000c\000h\000y}{}% 38
